// Jest Snapshot v1, https://goo.gl/fbAQLP

exports[`Login Page screenshot test Job Description page should render correctly 1`] = `
<Route>
  [Function]
</Route>
`;

exports[`Login Page screenshot test Login Page page should render correctly 1`] = `
<Route>
  [Function]
</Route>
`;
