// Jest Snapshot v1, https://goo.gl/fbAQLP

exports[`GameRule Page screenshot test GameRule page should render correctly 1`] = `
<Route>
  [Function]
</Route>
`;
