// Jest Snapshot v1, https://goo.gl/fbAQLP

exports[`RoomList Page screenshot test RoomList page should render correctly 1`] = `
<Route>
  [Function]
</Route>
`;
